yarn run v1.22.22
warning package.json: No license field
$ dotenv -e .env vite build
vite v7.1.6 building for production...
(node:91555) [DEP0040] DeprecationWarning: The `punycode` module is deprecated. Please use a userland alternative instead.
(Use `node --trace-deprecation ...` to show where the warning was created)
transforming...
DEPRECATION WARNING [import]: Sass @import rules are deprecated and will be removed in Dart Sass 3.0.0.

More info and automated migrator: https://sass-lang.com/d/import

  ╷
2 │ @import '../../styles/persian_font';
  │         ^^^^^^^^^^^^^^^^^^^^^^^^^^^
  ╵
    src/pages/TechDoc/TechDoc.vue 2:9  root stylesheet

✓ 445 modules transformed.
Export "default" of module "src/common/AppButton.vue" was reexported through module "src/common/index.ts" while both modules are dependencies of each other and will end up in different chunks by current Rollup settings. This scenario is not well supported at the moment as it will produce a circular dependency between chunks and will likely lead to broken execution order.
Either change the import in "src/pages/Homepage/components/HeroBanner.vue?vue&type=script&setup=true&lang.ts" to point directly to the exporting module or reconfigure "output.manualChunks" to ensure these modules end up in the same chunk.
Export "default" of module "src/common/IconLink.vue" was reexported through module "src/common/index.ts" while both modules are dependencies of each other and will end up in different chunks by current Rollup settings. This scenario is not well supported at the moment as it will produce a circular dependency between chunks and will likely lead to broken execution order.
Either change the import in "src/pages/Homepage/components/Repos.vue?vue&type=script&setup=true&lang.ts" to point directly to the exporting module or reconfigure "output.manualChunks" to ensure these modules end up in the same chunk.
Export "default" of module "src/common/AppButton.vue" was reexported through module "src/common/index.ts" while both modules are dependencies of each other and will end up in different chunks by current Rollup settings. This scenario is not well supported at the moment as it will produce a circular dependency between chunks and will likely lead to broken execution order.
Either change the import in "src/pages/TechDoc/TechDoc.vue?vue&type=script&setup=true&lang.ts" to point directly to the exporting module or reconfigure "output.manualChunks" to ensure these modules end up in the same chunk.
Export "default" of module "src/common/Tip.vue" was reexported through module "src/common/index.ts" while both modules are dependencies of each other and will end up in different chunks by current Rollup settings. This scenario is not well supported at the moment as it will produce a circular dependency between chunks and will likely lead to broken execution order.
Either change the import in "src/pages/Guide/Guide.vue?vue&type=script&setup=true&lang.ts" to point directly to the exporting module or reconfigure "output.manualChunks" to ensure these modules end up in the same chunk.
Export "default" of module "src/common/AppButton.vue" was reexported through module "src/common/index.ts" while both modules are dependencies of each other and will end up in different chunks by current Rollup settings. This scenario is not well supported at the moment as it will produce a circular dependency between chunks and will likely lead to broken execution order.
Either change the import in "src/common/GuideHeader.vue?vue&type=script&setup=true&lang.ts" to point directly to the exporting module or reconfigure "output.manualChunks" to ensure these modules end up in the same chunk.
Export "default" of module "src/common/Tip.vue" was reexported through module "src/common/index.ts" while both modules are dependencies of each other and will end up in different chunks by current Rollup settings. This scenario is not well supported at the moment as it will produce a circular dependency between chunks and will likely lead to broken execution order.
Either change the import in "src/pages/About/About.vue?vue&type=script&setup=true&lang.ts" to point directly to the exporting module or reconfigure "output.manualChunks" to ensure these modules end up in the same chunk.
Export "default" of module "src/common/IconLink.vue" was reexported through module "src/common/index.ts" while both modules are dependencies of each other and will end up in different chunks by current Rollup settings. This scenario is not well supported at the moment as it will produce a circular dependency between chunks and will likely lead to broken execution order.
Either change the import in "src/pages/About/About.vue?vue&type=script&setup=true&lang.ts" to point directly to the exporting module or reconfigure "output.manualChunks" to ensure these modules end up in the same chunk.
rendering chunks...
computing gzip size...
dist/index.html                                                            4.93 kB │ gzip:   1.62 kB
dist/assets/Vazir-CfaUoGyi.woff2                                          20.81 kB
dist/assets/Nian-Black-Dpi1dw3h.ttf                                       73.48 kB
dist/assets/Nian-C77NI6q1.ttf                                             75.37 kB
dist/assets/Nian SemiBold-sZqBYRP8.ttf                                    96.27 kB
dist/assets/Nian Bold-BPCSDCyp.ttf                                       100.66 kB
dist/assets/Nian Light-cFzECDZ1.ttf                                      104.06 kB
dist/assets/test4-DyqXZbgb.png                                           267.72 kB
dist/assets/index-BveBIuBh.css                                             0.18 kB │ gzip:   0.14 kB
dist/assets/index-ijMAJCR0.css                                             3.09 kB │ gzip:   0.77 kB
dist/assets/index-RjWeNdwA.css                                             6.00 kB │ gzip:   1.41 kB
dist/assets/index-BiuexQoG.css                                             7.07 kB │ gzip:   1.20 kB
dist/assets/index-eLVST22h.css                                            10.90 kB │ gzip:   2.16 kB
dist/assets/index-D35npriX.css                                            62.12 kB │ gzip:   9.95 kB
dist/assets/AppMarkdown.vue_vue_type_script_setup_true_lang-DRZHVyzS.js    0.36 kB │ gzip:   0.27 kB
dist/assets/index-BeWXOPFc.js                                              0.36 kB │ gzip:   0.27 kB
dist/assets/Tip-DuvOgBUx.js                                                0.49 kB │ gzip:   0.31 kB
dist/assets/IconLink-Cell27vQ.js                                           0.81 kB │ gzip:   0.43 kB
dist/assets/AppButton-B4IRKokC.js                                          2.37 kB │ gzip:   0.79 kB
dist/assets/device-Bi_G0VpF.js                                             3.15 kB │ gzip:   1.59 kB
dist/assets/index-Bqj0iiVI.js                                              5.88 kB │ gzip:   1.66 kB
dist/assets/index-CreWIuhq.js                                              6.70 kB │ gzip:   2.23 kB
dist/assets/index-Bzyg7tOf.js                                              9.37 kB │ gzip:   3.07 kB
dist/assets/index-CgeRnbn9.js                                             67.49 kB │ gzip:  16.47 kB
dist/assets/markdownItAnchor-BhgN3_JQ.js                                 109.71 kB │ gzip:  46.95 kB
dist/assets/index-DbiIpJZa.js                                            460.31 kB │ gzip: 146.18 kB
✓ built in 1.75s
Done in 2.38s.
